../Drivers/CMSIS/Include/core_cm4.h:1676:26:__NVIC_GetPriorityGrouping	4	static
../Drivers/CMSIS/Include/core_cm4.h:1688:22:__NVIC_EnableIRQ	16	static
../Drivers/CMSIS/Include/core_cm4.h:1816:22:__NVIC_SetPriority	16	static
../Drivers/CMSIS/Include/core_cm4.h:1863:26:NVIC_EncodePriority	40	static
../Drivers/STM32F4xx_HAL_Driver/Inc/stm32f4xx_ll_usart.h:410:22:LL_USART_Enable	16	static
../Drivers/STM32F4xx_HAL_Driver/Inc/stm32f4xx_ll_usart.h:1479:22:LL_USART_ConfigAsyncMode	16	static
../Drivers/STM32F4xx_HAL_Driver/Inc/stm32f4xx_ll_usart.h:1814:26:LL_USART_IsActiveFlag_TXE	16	static
../Drivers/STM32F4xx_HAL_Driver/Inc/stm32f4xx_ll_usart.h:2426:22:LL_USART_TransmitData8	16	static
../Drivers/STM32F4xx_HAL_Driver/Inc/stm32f4xx_ll_bus.h:409:22:LL_AHB1_GRP1_EnableClock	24	static
../Drivers/STM32F4xx_HAL_Driver/Inc/stm32f4xx_ll_bus.h:1185:22:LL_APB1_GRP1_EnableClock	24	static
../Core/Src/M8N.c:33:6:M8N_TransmitDATA	24	static
../Core/Src/M8N.c:40:6:M8N_UART4_Initialzation	64	static
../Core/Src/M8N.c:87:6:M8N_Initialzation	8	static
../Core/Src/M8N.c:98:15:M8N_UBX_CHKSUM_Check	24	static
../Core/Src/M8N.c:109:6:M8N_UBX_NAV_POSLLH_Pasing	16	static
