../Core/Src/VS1003.c:10:6:VS1003_SPI_Init	16	static
../Core/Src/VS1003.c:41:6:VS1003_Init	40	static
../Core/Src/VS1003.c:100:13:VS1003_SPI_SetSpeed	16	static
../Core/Src/VS1003.c:138:17:VS1003_SPI_ReadWriteByte	32	static
../Core/Src/VS1003.c:155:6:VS1003_WriteReg	16	static
../Core/Src/VS1003.c:178:10:VS1003_ReadReg	24	static
../Core/Src/VS1003.c:204:6:VS1003_ResetDecodeTime	8	static
../Core/Src/VS1003.c:218:10:VS1003_GetDecodeTime	8	static
../Core/Src/VS1003.c:231:6:VS1003_SoftReset	16	static
../Core/Src/VS1003.c:289:6:VS1003_Reset	8	static
../Core/Src/VS1003.c:310:6:VS1003_SineTest	8	static
../Core/Src/VS1003.c:373:6:VS1003_RamTest	16	static
../Core/Src/VS1003.c:402:6:VS1003_SetVol	16	static
../Core/Src/VS1003.c:431:6:VS1003_WriteData	24	static
