../Drivers/STM32F4xx_HAL_Driver/Inc/stm32f4xx_ll_spi.h:297:22:LL_SPI_Enable	16	static
../Drivers/STM32F4xx_HAL_Driver/Inc/stm32f4xx_ll_spi.h:365:22:LL_SPI_SetStandard	16	static
../Drivers/STM32F4xx_HAL_Driver/Inc/stm32f4xx_ll_spi.h:731:26:LL_SPI_IsActiveFlag_RXNE	16	static
../Drivers/STM32F4xx_HAL_Driver/Inc/stm32f4xx_ll_spi.h:742:26:LL_SPI_IsActiveFlag_TXE	16	static
../Drivers/STM32F4xx_HAL_Driver/Inc/stm32f4xx_ll_spi.h:1075:25:LL_SPI_ReceiveData8	16	static
../Drivers/STM32F4xx_HAL_Driver/Inc/stm32f4xx_ll_spi.h:1098:22:LL_SPI_TransmitData8	24	static
../Drivers/STM32F4xx_HAL_Driver/Inc/stm32f4xx_ll_gpio.h:800:26:LL_GPIO_IsInputPinSet	16	static
../Drivers/STM32F4xx_HAL_Driver/Inc/stm32f4xx_ll_gpio.h:881:22:LL_GPIO_SetOutputPin	16	static
../Drivers/STM32F4xx_HAL_Driver/Inc/stm32f4xx_ll_gpio.h:910:22:LL_GPIO_ResetOutputPin	16	static
../Drivers/STM32F4xx_HAL_Driver/Inc/stm32f4xx_ll_bus.h:409:22:LL_AHB1_GRP1_EnableClock	24	static
../Drivers/STM32F4xx_HAL_Driver/Inc/stm32f4xx_ll_bus.h:1185:22:LL_APB1_GRP1_EnableClock	24	static
../Core/Src/BNO080.c:77:6:BNO080_GPIO_SPI_Initialization	72	static
../Core/Src/BNO080.c:162:5:BNO080_Initialization	16	static
../Core/Src/BNO080.c:213:15:SPI2_SendByte	16	static
../Core/Src/BNO080.c:229:5:BNO080_dataAvailable	8	static
../Core/Src/BNO080.c:272:6:BNO080_parseCommandReport	16	static
../Core/Src/BNO080.c:308:6:BNO080_parseInputReport	32	static
../Core/Src/BNO080.c:424:7:BNO080_getQuatI	8	static
../Core/Src/BNO080.c:430:7:BNO080_getQuatJ	8	static
../Core/Src/BNO080.c:436:7:BNO080_getQuatK	8	static
../Core/Src/BNO080.c:442:7:BNO080_getQuatReal	8	static
../Core/Src/BNO080.c:448:7:BNO080_getQuatRadianAccuracy	8	static
../Core/Src/BNO080.c:454:9:BNO080_getQuatAccuracy	4	static
../Core/Src/BNO080.c:460:7:BNO080_getAccelX	8	static
../Core/Src/BNO080.c:466:7:BNO080_getAccelY	8	static
../Core/Src/BNO080.c:472:7:BNO080_getAccelZ	8	static
../Core/Src/BNO080.c:478:9:BNO080_getAccelAccuracy	4	static
../Core/Src/BNO080.c:486:7:BNO080_getLinAccelX	8	static
../Core/Src/BNO080.c:492:7:BNO080_getLinAccelY	8	static
../Core/Src/BNO080.c:498:7:BNO080_getLinAccelZ	8	static
../Core/Src/BNO080.c:504:9:BNO080_getLinAccelAccuracy	4	static
../Core/Src/BNO080.c:510:7:BNO080_getGyroX	8	static
../Core/Src/BNO080.c:516:7:BNO080_getGyroY	8	static
../Core/Src/BNO080.c:522:7:BNO080_getGyroZ	8	static
../Core/Src/BNO080.c:528:9:BNO080_getGyroAccuracy	4	static
../Core/Src/BNO080.c:534:7:BNO080_getMagX	8	static
../Core/Src/BNO080.c:540:7:BNO080_getMagY	8	static
../Core/Src/BNO080.c:546:7:BNO080_getMagZ	8	static
../Core/Src/BNO080.c:552:9:BNO080_getMagAccuracy	4	static
../Core/Src/BNO080.c:558:10:BNO080_getStepCount	4	static
../Core/Src/BNO080.c:564:9:BNO080_getStabilityClassifier	4	static
../Core/Src/BNO080.c:570:9:BNO080_getActivityClassifier	4	static
../Core/Src/BNO080.c:576:10:BNO080_getTimeStamp	4	static
../Core/Src/BNO080.c:583:9:BNO080_getQ1	16	static
../Core/Src/BNO080.c:591:9:BNO080_getQ2	16	static
../Core/Src/BNO080.c:599:9:BNO080_getQ3	16	static
../Core/Src/BNO080.c:606:7:BNO080_getResolution	24	static
../Core/Src/BNO080.c:619:7:BNO080_getRange	24	static
../Core/Src/BNO080.c:634:10:BNO080_readFRSword	16	static
../Core/Src/BNO080.c:644:6:BNO080_frsReadRequest	16	static
../Core/Src/BNO080.c:662:5:BNO080_readFRSdata	32	static
../Core/Src/BNO080.c:723:6:BNO080_softReset	8	static
../Core/Src/BNO080.c:739:9:BNO080_resetReason	8	static
../Core/Src/BNO080.c:761:7:BNO080_qToFloat	24	static
../Core/Src/BNO080.c:767:6:BNO080_enableRotationVector	16	static
../Core/Src/BNO080.c:773:6:BNO080_enableGameRotationVector	16	static
../Core/Src/BNO080.c:779:6:BNO080_enableAccelerometer	16	static
../Core/Src/BNO080.c:785:6:BNO080_enableLinearAccelerometer	16	static
../Core/Src/BNO080.c:791:6:BNO080_enableGyro	16	static
../Core/Src/BNO080.c:797:6:BNO080_enableMagnetometer	16	static
../Core/Src/BNO080.c:803:6:BNO080_enableStepCounter	16	static
../Core/Src/BNO080.c:809:6:BNO080_enableStabilityClassifier	16	static
../Core/Src/BNO080.c:815:6:BNO080_calibrateAccelerometer	8	static
../Core/Src/BNO080.c:821:6:BNO080_calibrateGyro	8	static
../Core/Src/BNO080.c:827:6:BNO080_calibrateMagnetometer	8	static
../Core/Src/BNO080.c:833:6:BNO080_calibratePlanarAccelerometer	8	static
../Core/Src/BNO080.c:839:6:BNO080_calibrateAll	8	static
../Core/Src/BNO080.c:844:6:BNO080_endCalibration	8	static
../Core/Src/BNO080.c:851:5:BNO080_calibrationComplete	4	static
../Core/Src/BNO080.c:860:6:BNO080_setFeatureCommand	24	static
../Core/Src/BNO080.c:887:6:BNO080_sendCommand	16	static
../Core/Src/BNO080.c:910:6:BNO080_sendCalibrateCommand	24	static
../Core/Src/BNO080.c:951:6:BNO080_requestCalibrationStatus	16	static
../Core/Src/BNO080.c:974:6:BNO080_saveCalibration	16	static
../Core/Src/BNO080.c:996:5:BNO080_waitForSPI	16	static
../Core/Src/BNO080.c:1014:5:BNO080_receivePacket	24	static
../Core/Src/BNO080.c:1071:5:BNO080_sendPacket	24	static
