../Drivers/STM32F4xx_HAL_Driver/Inc/stm32f4xx_ll_usart.h:1792:26:LL_USART_IsActiveFlag_RXNE	16	static
../Drivers/STM32F4xx_HAL_Driver/Inc/stm32f4xx_ll_usart.h:1979:22:LL_USART_ClearFlag_RXNE	16	static
../Drivers/STM32F4xx_HAL_Driver/Inc/stm32f4xx_ll_usart.h:2403:25:LL_USART_ReceiveData8	16	static
../Drivers/STM32F4xx_HAL_Driver/Inc/stm32f4xx_ll_usart.h:2426:22:LL_USART_TransmitData8	16	static
../Core/Src/stm32f4xx_it.c:73:6:NMI_Handler	4	static
../Core/Src/stm32f4xx_it.c:88:6:HardFault_Handler	4	static
../Core/Src/stm32f4xx_it.c:103:6:MemManage_Handler	4	static
../Core/Src/stm32f4xx_it.c:118:6:BusFault_Handler	4	static
../Core/Src/stm32f4xx_it.c:133:6:UsageFault_Handler	4	static
../Core/Src/stm32f4xx_it.c:148:6:SVC_Handler	4	static
../Core/Src/stm32f4xx_it.c:161:6:DebugMon_Handler	4	static
../Core/Src/stm32f4xx_it.c:174:6:PendSV_Handler	4	static
../Core/Src/stm32f4xx_it.c:187:6:SysTick_Handler	8	static
../Core/Src/stm32f4xx_it.c:208:6:UART4_IRQHandler	8	static
../Core/Src/stm32f4xx_it.c:227:6:USART6_IRQHandler	8	static
