../Drivers/STM32F4xx_HAL_Driver/Inc/stm32f4xx_ll_tim.h:1124:22:LL_TIM_EnableCounter	16	static
../Drivers/STM32F4xx_HAL_Driver/Inc/stm32f4xx_ll_tim.h:1609:22:LL_TIM_CC_EnableChannel	16	static
../Drivers/STM32F4xx_HAL_Driver/Inc/stm32f4xx_ll_tim.h:1634:22:LL_TIM_CC_DisableChannel	16	static
../Drivers/STM32F4xx_HAL_Driver/Inc/stm32f4xx_ll_usart.h:1814:26:LL_USART_IsActiveFlag_TXE	16	static
../Drivers/STM32F4xx_HAL_Driver/Inc/stm32f4xx_ll_usart.h:2035:22:LL_USART_EnableIT_RXNE	40	static,ignoring_inline_asm
../Drivers/STM32F4xx_HAL_Driver/Inc/stm32f4xx_ll_usart.h:2426:22:LL_USART_TransmitData8	16	static
../Core/Src/main.c:41:5:_write	32	static
../Core/Src/main.c:88:5:main	104	static
../Core/Src/main.c:282:6:SystemClock_Config	88	static
../Core/Src/main.c:324:5:Is_iBus_Throttle_Min	8	static
../Core/Src/main.c:337:6:ESC_Calibration	8	static
../Core/Src/main.c:350:5:Is_iBus_Received	8	static
../Core/Src/main.c:367:6:Error_Handler	4	static,ignoring_inline_asm
