21:54:08 **** Incremental Build of configuration Debug for project 1-1. Debug LED ****
make -j12 all 
arm-none-eabi-gcc "../Core/Src/main.c" -mcpu=cortex-m4 -std=gnu11 -g3 -DDEBUG -DUSE_HAL_DRIVER -DSTM32F405xx -DUSE_FULL_LL_DRIVER -c -I../Core/Inc -I../Drivers/STM32F4xx_HAL_Driver/Inc -I../Drivers/STM32F4xx_HAL_Driver/Inc/Legacy -I../Drivers/CMSIS/Device/ST/STM32F4xx/Include -I../Drivers/CMSIS/Include -O0 -ffunction-sections -fdata-sections -Wall -fstack-usage -fcyclomatic-complexity -MMD -MP -MF"Core/Src/main.d" -MT"Core/Src/main.o" --specs=nano.specs -mfpu=fpv4-sp-d16 -mfloat-abi=hard -mthumb -o "Core/Src/main.o"
arm-none-eabi-gcc -o "1-1. Debug LED.elf" @"objects.list"   -mcpu=cortex-m4 -T"C:\Users\hyeon\Desktop\STM32_Workspace\1-1. Debug LED\STM32F405RGTX_FLASH.ld" --specs=nosys.specs -Wl,-Map="1-1. Debug LED.map" -Wl,--gc-sections -static --specs=nano.specs -mfpu=fpv4-sp-d16 -mfloat-abi=hard -mthumb -Wl,--start-group -lc -lm -Wl,--end-group
Finished building target: 1-1. Debug LED.elf
 
arm-none-eabi-size   1-1.\ Debug\ LED.elf 
arm-none-eabi-objdump -h -S  1-1.\ Debug\ LED.elf  > "1-1. Debug LED.list"
   text	   data	    bss	    dec	    hex	filename
   5888	     20	   1572	   7480	   1d38	1-1. Debug LED.elf
Finished building: default.size.stdout
 
Finished building: 1-1. Debug LED.list
 

21:54:09 Build Finished. 0 errors, 0 warnings. (took 803ms)

