23:04:34 **** Incremental Build of configuration Debug for project 1-3. Debug UART ****
make -j12 all 
arm-none-eabi-gcc "../Core/Src/main.c" -mcpu=cortex-m4 -std=gnu11 -g3 -DDEBUG -DUSE_HAL_DRIVER -DSTM32F405xx -DUSE_FULL_LL_DRIVER -c -I../Core/Inc -I../Drivers/STM32F4xx_HAL_Driver/Inc -I../Drivers/STM32F4xx_HAL_Driver/Inc/Legacy -I../Drivers/CMSIS/Device/ST/STM32F4xx/Include -I../Drivers/CMSIS/Include -O0 -ffunction-sections -fdata-sections -Wall -fstack-usage -fcyclomatic-complexity -MMD -MP -MF"Core/Src/main.d" -MT"Core/Src/main.o" --specs=nano.specs -mfpu=fpv4-sp-d16 -mfloat-abi=hard -mthumb -o "Core/Src/main.o"
../Core/Src/main.c: In function 'main':
../Core/Src/main.c:132:4: warning: implicit declaration of function 'printf' [-Wimplicit-function-declaration]
  132 |    printf("%d %f\n", count++, abc += 0.001);
      |    ^~~~~~
../Core/Src/main.c:132:4: warning: incompatible implicit declaration of built-in function 'printf'
../Core/Src/main.c:24:1: note: include '<stdio.h>' or provide a declaration of 'printf'
   23 | #include "gpio.h"
  +++ |+#include <stdio.h>
   24 | 
arm-none-eabi-gcc -o "1-3. Debug UART.elf" @"objects.list"   -mcpu=cortex-m4 -T"C:\Users\hyeon\Desktop\STM32_Workspace\1-3. Debug UART\STM32F405RGTX_FLASH.ld" --specs=nosys.specs -Wl,-Map="1-3. Debug UART.map" -Wl,--gc-sections -static -u _printf_float --specs=nano.specs -mfpu=fpv4-sp-d16 -mfloat-abi=hard -mthumb -Wl,--start-group -lc -lm -Wl,--end-group
Finished building target: 1-3. Debug UART.elf
 
arm-none-eabi-size   1-3.\ Debug\ UART.elf 
arm-none-eabi-objdump -h -S  1-3.\ Debug\ UART.elf  > "1-3. Debug UART.list"
   text	   data	    bss	    dec	    hex	filename
  26324	    484	   1596	  28404	   6ef4	1-3. Debug UART.elf
Finished building: default.size.stdout
 
Finished building: 1-3. Debug UART.list
 

23:04:35 Build Finished. 0 errors, 2 warnings. (took 797ms)

