01:01:59 **** Incremental Build of configuration Debug for project 2-1. BNO080 ****
make -j12 all 
arm-none-eabi-gcc "../Core/Src/main.c" -mcpu=cortex-m4 -std=gnu11 -g3 -DDEBUG -DUSE_HAL_DRIVER -DSTM32F405xx -DUSE_FULL_LL_DRIVER -c -I../Core/Inc -I../Drivers/STM32F4xx_HAL_Driver/Inc -I../Drivers/STM32F4xx_HAL_Driver/Inc/Legacy -I../Drivers/CMSIS/Device/ST/STM32F4xx/Include -I../Drivers/CMSIS/Include -O0 -ffunction-sections -fdata-sections -Wall -fstack-usage -fcyclomatic-complexity -MMD -MP -MF"Core/Src/main.d" -MT"Core/Src/main.o" --specs=nano.specs -mfpu=fpv4-sp-d16 -mfloat-abi=hard -mthumb -o "Core/Src/main.o"
../Core/Src/main.c: In function 'main':
../Core/Src/main.c:80:8: warning: variable 'quatRadianAccuracy' set but not used [-Wunused-but-set-variable]
   80 |  float quatRadianAccuracy;
      |        ^~~~~~~~~~~~~~~~~~
arm-none-eabi-gcc -o "2-1. BNO080.elf" @"objects.list"   -mcpu=cortex-m4 -T"C:\Users\hyeon\Desktop\STM32_Workspace\2-1. BNO080\STM32F405RGTX_FLASH.ld" --specs=nosys.specs -Wl,-Map="2-1. BNO080.map" -Wl,--gc-sections -static -u _printf_float --specs=nano.specs -mfpu=fpv4-sp-d16 -mfloat-abi=hard -mthumb -Wl,--start-group -lc -lm -Wl,--end-group
Finished building target: 2-1. BNO080.elf
 
arm-none-eabi-size   2-1.\ BNO080.elf 
arm-none-eabi-objdump -h -S  2-1.\ BNO080.elf  > "2-1. BNO080.list"
   text	   data	    bss	    dec	    hex	filename
  34296	    488	   1808	  36592	   8ef0	2-1. BNO080.elf
Finished building: default.size.stdout
 
Finished building: 2-1. BNO080.list
 

01:02:00 Build Finished. 0 errors, 1 warnings. (took 983ms)

