00:45:25 **** Incremental Build of configuration Debug for project 3-4. UBX Pasing ****
make -j12 all 
arm-none-eabi-gcc "../Core/Src/M8N.c" -mcpu=cortex-m4 -std=gnu11 -g3 -DDEBUG -DUSE_HAL_DRIVER -DSTM32F405xx -DUSE_FULL_LL_DRIVER -c -I../Core/Inc -I../Drivers/STM32F4xx_HAL_Driver/Inc -I../Drivers/STM32F4xx_HAL_Driver/Inc/Legacy -I../Drivers/CMSIS/Device/ST/STM32F4xx/Include -I../Drivers/CMSIS/Include -O0 -ffunction-sections -fdata-sections -Wall -fstack-usage -fcyclomatic-complexity -MMD -MP -MF"Core/Src/M8N.d" -MT"Core/Src/M8N.o" --specs=nano.specs -mfpu=fpv4-sp-d16 -mfloat-abi=hard -mthumb -o "Core/Src/M8N.o"
arm-none-eabi-gcc "../Core/Src/main.c" -mcpu=cortex-m4 -std=gnu11 -g3 -DDEBUG -DUSE_HAL_DRIVER -DSTM32F405xx -DUSE_FULL_LL_DRIVER -c -I../Core/Inc -I../Drivers/STM32F4xx_HAL_Driver/Inc -I../Drivers/STM32F4xx_HAL_Driver/Inc/Legacy -I../Drivers/CMSIS/Device/ST/STM32F4xx/Include -I../Drivers/CMSIS/Include -O0 -ffunction-sections -fdata-sections -Wall -fstack-usage -fcyclomatic-complexity -MMD -MP -MF"Core/Src/main.d" -MT"Core/Src/main.o" --specs=nano.specs -mfpu=fpv4-sp-d16 -mfloat-abi=hard -mthumb -o "Core/Src/main.o"
../Core/Src/M8N.c: In function 'M8N_Initialzation':
../Core/Src/M8N.c:90:19: warning: passing argument 1 of 'M8N_TransmitDATA' discards 'const' qualifier from pointer target type [-Wdiscarded-qualifiers]
   90 |  M8N_TransmitDATA(&UBX_CFG_PRT[0], sizeof(UBX_CFG_PRT));
      |                   ^~~~~~~~~~~~~~~
../Core/Src/M8N.c:33:38: note: expected 'unsigned char *' but argument is of type 'const unsigned char *'
   33 | void M8N_TransmitDATA(unsigned char* data, unsigned char len) {
      |                       ~~~~~~~~~~~~~~~^~~~
../Core/Src/M8N.c:92:19: warning: passing argument 1 of 'M8N_TransmitDATA' discards 'const' qualifier from pointer target type [-Wdiscarded-qualifiers]
   92 |  M8N_TransmitDATA(&UBX_CFG_MSG[0], sizeof(UBX_CFG_MSG));
      |                   ^~~~~~~~~~~~~~~
../Core/Src/M8N.c:33:38: note: expected 'unsigned char *' but argument is of type 'const unsigned char *'
   33 | void M8N_TransmitDATA(unsigned char* data, unsigned char len) {
      |                       ~~~~~~~~~~~~~~~^~~~
../Core/Src/M8N.c:94:19: warning: passing argument 1 of 'M8N_TransmitDATA' discards 'const' qualifier from pointer target type [-Wdiscarded-qualifiers]
   94 |  M8N_TransmitDATA(&UBX_CFG_RATE[0], sizeof(UBX_CFG_RATE));
      |                   ^~~~~~~~~~~~~~~~
../Core/Src/M8N.c:33:38: note: expected 'unsigned char *' but argument is of type 'const unsigned char *'
   33 | void M8N_TransmitDATA(unsigned char* data, unsigned char len) {
      |                       ~~~~~~~~~~~~~~~^~~~
../Core/Src/M8N.c:96:19: warning: passing argument 1 of 'M8N_TransmitDATA' discards 'const' qualifier from pointer target type [-Wdiscarded-qualifiers]
   96 |  M8N_TransmitDATA(&UBX_CFG_CFG[0], sizeof(UBX_CFG_CFG));
      |                   ^~~~~~~~~~~~~~~
../Core/Src/M8N.c:33:38: note: expected 'unsigned char *' but argument is of type 'const unsigned char *'
   33 | void M8N_TransmitDATA(unsigned char* data, unsigned char len) {
      |                       ~~~~~~~~~~~~~~~^~~~
In file included from ../Core/Src/main.c:31:
../Core/Inc/ICM20602.h:62: warning: "CHIP_SELECT" redefined
   62 | #define CHIP_SELECT(ICM20602)  LL_GPIO_ResetOutputPin(ICM20602_SPI_CS_PORT, ICM20602_SPI_CS_PIN)
      | 
In file included from ../Core/Src/main.c:29:
../Core/Inc/BNO080.h:87: note: this is the location of the previous definition
   87 | #define CHIP_SELECT(BNO080)  LL_GPIO_ResetOutputPin(BNO080_SPI_CS_PORT, BNO080_SPI_CS_PIN)
      | 
In file included from ../Core/Src/main.c:31:
../Core/Inc/ICM20602.h:63: warning: "CHIP_DESELECT" redefined
   63 | #define CHIP_DESELECT(ICM20602)  LL_GPIO_SetOutputPin(ICM20602_SPI_CS_PORT, ICM20602_SPI_CS_PIN)
      | 
In file included from ../Core/Src/main.c:29:
../Core/Inc/BNO080.h:88: note: this is the location of the previous definition
   88 | #define CHIP_DESELECT(BNO080) LL_GPIO_SetOutputPin(BNO080_SPI_CS_PORT, BNO080_SPI_CS_PIN)
      | 
In file included from ../Core/Src/main.c:32:
../Core/Inc/LPS22HH.h:63: warning: "CHIP_SELECT" redefined
   63 | #define CHIP_SELECT(LPS22HH)  LL_GPIO_ResetOutputPin(LPS22HH_SPI_CS_PORT, LPS22HH_SPI_CS_PIN)
      | 
In file included from ../Core/Src/main.c:31:
../Core/Inc/ICM20602.h:62: note: this is the location of the previous definition
   62 | #define CHIP_SELECT(ICM20602)  LL_GPIO_ResetOutputPin(ICM20602_SPI_CS_PORT, ICM20602_SPI_CS_PIN)
      | 
In file included from ../Core/Src/main.c:32:
../Core/Inc/LPS22HH.h:64: warning: "CHIP_DESELECT" redefined
   64 | #define CHIP_DESELECT(LPS22HH)  LL_GPIO_SetOutputPin(LPS22HH_SPI_CS_PORT, LPS22HH_SPI_CS_PIN)
      | 
In file included from ../Core/Src/main.c:31:
../Core/Inc/ICM20602.h:63: note: this is the location of the previous definition
   63 | #define CHIP_DESELECT(ICM20602)  LL_GPIO_SetOutputPin(ICM20602_SPI_CS_PORT, ICM20602_SPI_CS_PIN)
      | 
In file included from ../Core/Src/main.c:32:
../Core/Inc/LPS22HH.h:77: warning: "WHO_AM_I" redefined
   77 | #define WHO_AM_I  0x0F
      | 
In file included from ../Core/Src/main.c:31:
../Core/Inc/ICM20602.h:130: note: this is the location of the previous definition
  130 | #define WHO_AM_I 0x75 //The default value of the register is 0x12.
      | 
In file included from ../Core/Src/main.c:32:
../Core/Inc/LPS22HH.h:96: warning: "TEMP_OUT_L" redefined
   96 | #define TEMP_OUT_L  0x2B
      | 
In file included from ../Core/Src/main.c:31:
../Core/Inc/ICM20602.h:109: note: this is the location of the previous definition
  109 | #define TEMP_OUT_L 0x42
      | 
In file included from ../Core/Src/main.c:32:
../Core/Inc/LPS22HH.h:97: warning: "TEMP_OUT_H" redefined
   97 | #define TEMP_OUT_H  0x2C
      | 
In file included from ../Core/Src/main.c:31:
../Core/Inc/ICM20602.h:108: note: this is the location of the previous definition
  108 | #define TEMP_OUT_H 0x41
      | 
../Core/Src/main.c: In function 'main':
../Core/Src/main.c:85:8: warning: unused variable 'quatRadianAccuracy' [-Wunused-variable]
   85 |  float quatRadianAccuracy;
      |        ^~~~~~~~~~~~~~~~~~
../Core/Src/main.c:84:8: warning: unused variable 'Q' [-Wunused-variable]
   84 |  float Q[4];
      |        ^
arm-none-eabi-gcc -o "3-4. UBX Pasing.elf" @"objects.list"   -mcpu=cortex-m4 -T"C:\Users\hyeon\Desktop\STM32_Workspace\3-4. UBX Pasing\STM32F405RGTX_FLASH.ld" --specs=nosys.specs -Wl,-Map="3-4. UBX Pasing.map" -Wl,--gc-sections -static -u _printf_float --specs=nano.specs -mfpu=fpv4-sp-d16 -mfloat-abi=hard -mthumb -Wl,--start-group -lc -lm -Wl,--end-group
Finished building target: 3-4. UBX Pasing.elf
 
arm-none-eabi-size   3-4.\ UBX\ Pasing.elf 
arm-none-eabi-objdump -h -S  3-4.\ UBX\ Pasing.elf  > "3-4. UBX Pasing.list"
   text	   data	    bss	    dec	    hex	filename
  33840	    484	   1824	  36148	   8d34	3-4. UBX Pasing.elf
Finished building: default.size.stdout
 
Finished building: 3-4. UBX Pasing.list
 

00:45:26 Build Finished. 0 errors, 13 warnings. (took 1s.46ms)

