23:09:50 **** Incremental Build of configuration Debug for project ADCDAC test ****
make -j12 all 
arm-none-eabi-gcc "../Core/Src/main.c" -mcpu=cortex-m4 -std=gnu11 -g3 -DDEBUG -DUSE_HAL_DRIVER -DSTM32F407xx -c -I../Core/Inc -I../Drivers/STM32F4xx_HAL_Driver/Inc -I../Drivers/STM32F4xx_HAL_Driver/Inc/Legacy -I../Drivers/CMSIS/Device/ST/STM32F4xx/Include -I../Drivers/CMSIS/Include -O0 -ffunction-sections -fdata-sections -Wall -fstack-usage -fcyclomatic-complexity -MMD -MP -MF"Core/Src/main.d" -MT"Core/Src/main.o" --specs=nano.specs -mfpu=fpv4-sp-d16 -mfloat-abi=hard -mthumb -o "Core/Src/main.o"
../Core/Src/main.c: In function 'main':
../Core/Src/main.c:98:29: warning: passing argument 2 of 'HAL_ADC_Start_DMA' from incompatible pointer type [-Wincompatible-pointer-types]
   98 |   HAL_ADC_Start_DMA(&hadc1, &adcval[0], 4);
      |                             ^~~~~~~~~~
      |                             |
      |                             uint16_t * {aka short unsigned int *}
In file included from ../Core/Inc/stm32f4xx_hal_conf.h:295,
                 from ../Drivers/STM32F4xx_HAL_Driver/Inc/stm32f4xx_hal.h:29,
                 from ../Core/Inc/main.h:30,
                 from ../Core/Src/main.c:20:
../Drivers/STM32F4xx_HAL_Driver/Inc/stm32f4xx_hal_adc.h:594:72: note: expected 'uint32_t *' {aka 'long unsigned int *'} but argument is of type 'uint16_t *' {aka 'short unsigned int *'}
  594 | HAL_StatusTypeDef HAL_ADC_Start_DMA(ADC_HandleTypeDef* hadc, uint32_t* pData, uint32_t Length);
      |                                                              ~~~~~~~~~~^~~~~
../Core/Src/main.c:109:4: warning: implicit declaration of function 'sprintf' [-Wimplicit-function-declaration]
  109 |    sprintf(str, "%4d  %4d", adcval[0], adcval[1]);
      |    ^~~~~~~
../Core/Src/main.c:109:4: warning: incompatible implicit declaration of built-in function 'sprintf'
../Core/Src/main.c:29:1: note: include '<stdio.h>' or provide a declaration of 'sprintf'
   28 | #include "CLCD.h"
  +++ |+#include <stdio.h>
   29 | /* USER CODE END Includes */
../Core/Src/main.c:109:12: warning: pointer targets in passing argument 1 of 'sprintf' differ in signedness [-Wpointer-sign]
  109 |    sprintf(str, "%4d  %4d", adcval[0], adcval[1]);
      |            ^~~
      |            |
      |            uint8_t * {aka unsigned char *}
../Core/Src/main.c:109:12: note: expected 'char *' but argument is of type 'uint8_t *' {aka 'unsigned char *'}
../Core/Src/main.c:112:12: warning: pointer targets in passing argument 1 of 'sprintf' differ in signedness [-Wpointer-sign]
  112 |    sprintf(str, "%4d  %4d", adcval[2], adcval[3]);
      |            ^~~
      |            |
      |            uint8_t * {aka unsigned char *}
../Core/Src/main.c:112:12: note: expected 'char *' but argument is of type 'uint8_t *' {aka 'unsigned char *'}
In file included from ../Core/Src/main.c:28:
../Core/Src/main.c: At top level:
../Core/Inc/CLCD.h:40:13: warning: 'Delay' declared 'static' but never defined [-Wunused-function]
   40 | static void Delay(__IO uint32_t nCount);
      |             ^~~~~
arm-none-eabi-gcc -o "ADCDAC test.elf" @"objects.list"   -mcpu=cortex-m4 -T"C:\Users\hyeon\Desktop\STM32_Workspace\ADCDAC test\STM32F407VETX_FLASH.ld" --specs=nosys.specs -Wl,-Map="ADCDAC test.map" -Wl,--gc-sections -static --specs=nano.specs -mfpu=fpv4-sp-d16 -mfloat-abi=hard -mthumb -Wl,--start-group -lc -lm -Wl,--end-group
Finished building target: ADCDAC test.elf
 
arm-none-eabi-size   ADCDAC\ test.elf 
arm-none-eabi-objdump -h -S  ADCDAC\ test.elf  > "ADCDAC test.list"
   text	   data	    bss	    dec	    hex	filename
  15140	    120	   1776	  17036	   428c	ADCDAC test.elf
Finished building: default.size.stdout
 
Finished building: ADCDAC test.list
 

23:09:51 Build Finished. 0 errors, 6 warnings. (took 719ms)

