22:33:45 **** Incremental Build of configuration Debug for project PWM Test ****
make -j12 all 
arm-none-eabi-gcc "../Core/Src/main.c" -mcpu=cortex-m4 -std=gnu11 -g3 -DDEBUG -DUSE_HAL_DRIVER -DSTM32F407xx -c -I../Core/Inc -I../Drivers/STM32F4xx_HAL_Driver/Inc -I../Drivers/STM32F4xx_HAL_Driver/Inc/Legacy -I../Drivers/CMSIS/Device/ST/STM32F4xx/Include -I../Drivers/CMSIS/Include -O0 -ffunction-sections -fdata-sections -Wall -fstack-usage -fcyclomatic-complexity -MMD -MP -MF"Core/Src/main.d" -MT"Core/Src/main.o" --specs=nano.specs -mfpu=fpv4-sp-d16 -mfloat-abi=hard -mthumb -o "Core/Src/main.o"
arm-none-eabi-gcc -o "PWM Test.elf" @"objects.list"   -mcpu=cortex-m4 -T"C:\Users\hyeon\Desktop\STM32_Workspace\PWM Test\STM32F407VETX_FLASH.ld" --specs=nosys.specs -Wl,-Map="PWM Test.map" -Wl,--gc-sections -static --specs=nano.specs -mfpu=fpv4-sp-d16 -mfloat-abi=hard -mthumb -Wl,--start-group -lc -lm -Wl,--end-group
Finished building target: PWM Test.elf
 
arm-none-eabi-size   PWM\ Test.elf 
arm-none-eabi-objdump -h -S  PWM\ Test.elf  > "PWM Test.list"
   text	   data	    bss	    dec	    hex	filename
  10144	     20	   1716	  11880	   2e68	PWM Test.elf
Finished building: default.size.stdout
 
Finished building: PWM Test.list
 

22:33:46 Build Finished. 0 errors, 0 warnings. (took 1s.413ms)

