20:51:45 **** Incremental Build of configuration Debug for project test_nucl ****
make -j12 all 
arm-none-eabi-gcc "../Core/Src/main.c" -mcpu=cortex-m7 -std=gnu11 -g3 -DDEBUG -DUSE_HAL_DRIVER -DSTM32F746xx -c -I../Core/Inc -I../Drivers/STM32F7xx_HAL_Driver/Inc -I../Drivers/STM32F7xx_HAL_Driver/Inc/Legacy -I../Drivers/CMSIS/Device/ST/STM32F7xx/Include -I../Drivers/CMSIS/Include -O0 -ffunction-sections -fdata-sections -Wall -fstack-usage -fcyclomatic-complexity -MMD -MP -MF"Core/Src/main.d" -MT"Core/Src/main.o" --specs=nano.specs -mfpu=fpv5-sp-d16 -mfloat-abi=hard -mthumb -o "Core/Src/main.o"
arm-none-eabi-gcc -o "test_nucl.elf" @"objects.list"   -mcpu=cortex-m7 -T"C:\Users\hyeon\Desktop\STM32_Workspace\test_nucl\STM32F746ZGTX_FLASH.ld" --specs=nosys.specs -Wl,-Map="test_nucl.map" -Wl,--gc-sections -static --specs=nano.specs -mfpu=fpv5-sp-d16 -mfloat-abi=hard -mthumb -Wl,--start-group -lc -lm -Wl,--end-group
Finished building target: test_nucl.elf
 
arm-none-eabi-size   test_nucl.elf 
arm-none-eabi-objdump -h -S  test_nucl.elf  > "test_nucl.list"
   text	   data	    bss	    dec	    hex	filename
  15592	    340	   3236	  19168	   4ae0	test_nucl.elf
Finished building: default.size.stdout
 
Finished building: test_nucl.list
 

20:51:45 Build Finished. 0 errors, 0 warnings. (took 865ms)

